---
source: lib/tests/grid.rs
expression: g
---
-----
|ttf|
|ftf|
|ftf|
-----

