---
source: lib/tests/grid.rs
expression: g
---
-----------
|ttfftfftf|
-----------

