---
source: lib/tests/grid.rs
expression: g
---
-------
|ttftt|
|tftft|
|ftttf|
|tftft|
|ttftt|
-------

