---
source: lib/tests/tree.rs
expression: tree
---
BTree {
    nodes: [
        Some(
            Node {
                data: "I'm root",
                index: 0,
                parent: None,
                left: None,
                right: Some(
                    1,
                ),
            },
        ),
        Some(
            Node {
                data: "Right child",
                index: 1,
                parent: Some(
                    0,
                ),
                left: None,
                right: Some(
                    2,
                ),
            },
        ),
        Some(
            Node {
                data: "Right child's right child",
                index: 2,
                parent: Some(
                    1,
                ),
                left: None,
                right: None,
            },
        ),
    ],
    empty_cells: [],
}
